{
  "riveMeta": {
    "textRuns": {
      "assets": {
        "inter": {
          "name": "Inter",
          "type": "font",
          "assetId": "594377",
          "cdnUuid": "",
          "cdnBaseUrl": "https://public.rive.app/cdn/uuid"
        }
      },
      "artboards": {
        "artboardNr1": {
          "name": "Artboard-Nr1",
          "animations": {
            "timeline1": "Timeline 1"
          },
          "textValueRuns": {
            "name": "gordon",
            "surname": "hayes",
            "run1": "Text run 1",
            "run2": "Text run 2\n"
          },
          "nestedTextValueRuns": [
            
          ],
          "stateMachines": {
            "stateMachine1": {
              "name": "State Machine 1",
              "inputs": {
                
              }
            }
          }
        },
        "artboardNr2": {
          "name": "Artboard-Nr2",
          "animations": {
            "timeline1": "Timeline 1"
          },
          "textValueRuns": {
            "arboard2Unique": "Artboard 2 unique value",
            "name": "gordon",
            "surname": "hayes",
            "run1": "Text run 1",
            "run2": "Text run 2\n"
          },
          "nestedTextValueRuns": [
            
          ],
          "stateMachines": {
            "stateMachine1": {
              "name": "State Machine 1",
              "inputs": {
                
              }
            }
          }
        }
      }
    },
    "nestedText": {
      "assets": {
        "inter": {
          "name": "Inter",
          "type": "font",
          "assetId": "594377",
          "cdnUuid": "",
          "cdnBaseUrl": "https://public.rive.app/cdn/uuid"
        }
      },
      "artboards": {
        "artboard1": {
          "name": "Artboard1",
          "animations": {
            "timeline1": "Timeline 1"
          },
          "textValueRuns": {
            "artboard1Textrun": "Text on artboard 1"
          },
          "nestedTextValueRuns": [
            {
              "name": "Artboard2-TextRun",
              "path": "NestedArtboard2"
            },
            {
              "name": "Artboard3-TextRun",
              "path": "NestedArtboard2/NestedArtboard3"
            }
          ],
          "stateMachines": {
            "stateMachine1": {
              "name": "State Machine 1",
              "inputs": {
                
              }
            }
          }
        },
        "artboarddonotfind": {
          "name": "ArtboardDoNotFind",
          "animations": {
            "timeline1": "Timeline 1"
          },
          "textValueRuns": {
            
          },
          "nestedTextValueRuns": [
            
          ],
          "stateMachines": {
            "stateMachine1": {
              "name": "State Machine 1",
              "inputs": {
                
              }
            }
          }
        },
        "artboard3": {
          "name": "Artboard3",
          "animations": {
            "timeline1": "Timeline 1"
          },
          "textValueRuns": {
            "artboard3Textrun": "Text on artboard 3"
          },
          "nestedTextValueRuns": [
            
          ],
          "stateMachines": {
            "stateMachine1": {
              "name": "State Machine 1",
              "inputs": {
                
              }
            }
          }
        },
        "artboard2": {
          "name": "Artboard2",
          "animations": {
            "timeline1": "Timeline 1"
          },
          "textValueRuns": {
            "artboard2Textrun": "Text on artboard 2"
          },
          "nestedTextValueRuns": [
            {
              "name": "Artboard3-TextRun",
              "path": "NestedArtboard3"
            }
          ],
          "stateMachines": {
            "stateMachine1": {
              "name": "State Machine 1",
              "inputs": {
                
              }
            }
          }
        }
      }
    },
    "rating": {
      "assets": {
        
      },
      "artboards": {
        "complete": {
          "name": "Complete",
          "animations": {
            "thumbnail": "Thumbnail",
            "n5Stars": "5_stars",
            "n4Stars": "4_stars",
            "n3Stars": "3_stars",
            "n2Stars": "2_stars",
            "n1Star": "1_star",
            "idleEmpty": "Idle_empty"
          },
          "textValueRuns": {
            
          },
          "nestedTextValueRuns": [
            
          ],
          "stateMachines": {
            "stateMachine1": {
              "name": "State Machine 1",
              "inputs": {
                "rating": {
                  "name": "Rating",
                  "type": "number",
                  "defaultValue": "0.000000"
                }
              }
            }
          }
        }
      }
    },
    "fileAssets": {
      "assets": {
        "inter": {
          "name": "Inter",
          "type": "font",
          "assetId": "594377",
          "cdnUuid": "",
          "cdnBaseUrl": "https://public.rive.app/cdn/uuid"
        },
        "customImage": {
          "name": "custom_image",
          "type": "image",
          "assetId": "2472778",
          "cdnUuid": "",
          "cdnBaseUrl": "https://public.rive.app/cdn/uuid"
        }
      },
      "artboards": {
        "artboard": {
          "name": "Artboard",
          "animations": {
            "timeline1": "Timeline 1"
          },
          "textValueRuns": {
            
          },
          "nestedTextValueRuns": [
            
          ],
          "stateMachines": {
            "stateMachine1": {
              "name": "State Machine 1",
              "inputs": {
                
              }
            }
          }
        }
      }
    },
    "littleMachine": {
      "assets": {
        
      },
      "artboards": {
        "newArtboard": {
          "name": "New Artboard",
          "animations": {
            "idleLight": "Idle light",
            "idle": "Idle",
            "work": "Work",
            "insertData": "Insert_data"
          },
          "textValueRuns": {
            
          },
          "nestedTextValueRuns": [
            
          ],
          "stateMachines": {
            "stateMachine1": {
              "name": "State Machine 1",
              "inputs": {
                "trigger1": {
                  "name": "Trigger 1",
                  "type": "trigger",
                  "defaultValue": "false"
                }
              }
            }
          }
        }
      }
    }
  }
}
